[dadus.co.in/index.html]
[dadus.co.in/cdn/shop/files/favicon648a.png]
[backblue.gif]
[fade.gif]
[index.html]
[dadus.co.in/cdn/shop/files/Untitled_design-54363.png]
[dadus.co.in/cdn/shop/t/16/assets/constants8b35.js]
[dadus.co.in/cdn/shop/t/16/assets/pubsub8588.js]
[dadus.co.in/cdn/shop/t/16/assets/globale3fb.js]
[dadus.co.in/cdn/shop/t/16/assets/details-disclosure877d.js]
[dadus.co.in/cdn/shop/t/16/assets/details-modal5653.js]
[dadus.co.in/cdn/shop/t/16/assets/search-formbc0f.js]
[dadus.co.in/cdn/shop/t/16/assets/animations935c.js]
[dadus.co.in/checkouts/internal/preloadsd568.js]
[dadus.co.in/cdn/shopifycloud/shop-js/modules/v2/loader.init-shop-cart-sync.en.esm.js]
[dadus.co.in/cdn/shopifycloud/storefront/assets/storefront/load_feature-1bd60354.js]
[cdn.shopify.com/shopifycloud/storefront/assets/storefront/origin_trials-c173577b.js]
[dadus.co.in/cdn/shopifycloud/portable-wallets/latest/portable-wallets.en.js]
[dadus.co.in/cdn/shop/t/16/compiled_assets/scripts07b0.js]
[dadus.co.in/cdn/fonts/montserrat/montserrat_n4.81949fa0ac9fd2021e16436151e8eaa539321637.woff2]
[dadus.co.in/cdn/fonts/montserrat/montserrat_n4.a6c632ca7b62da89c3594789ba828388aac693fe.woff]
[dadus.co.in/cdn/fonts/montserrat/montserrat_n7.3c434e22befd5c18a6b4afadb1e3d77c128c7939.woff2]
[dadus.co.in/cdn/fonts/montserrat/montserrat_n7.5d9fa6e2cae713c8fb539a9876489d86207fe957.woff]
[dadus.co.in/cdn/fonts/montserrat/montserrat_i4.5a4ea298b4789e064f62a29aafc18d41f09ae59b.woff2]
[dadus.co.in/cdn/fonts/montserrat/montserrat_i4.072b5869c5e0ed5b9d2021e4c2af132e16681ad2.woff]
[dadus.co.in/cdn/fonts/montserrat/montserrat_i7.a0d4a463df4f146567d871890ffb3c80408e7732.woff2]
[dadus.co.in/cdn/fonts/montserrat/montserrat_i7.f6ec9f2a0681acc6f8152c40921d2a4d2e1a2c78.woff]
[dadus.co.in/cdn/fonts/libre_baskerville/librebaskerville_n4.2ec9ee517e3ce28d5f1e6c6e75efd8a97e59c189.woff2]
[dadus.co.in/cdn/fonts/libre_baskerville/librebaskerville_n4.323789551b85098885c8eccedfb1bd8f25f56007.woff]
[dadus.co.in/cdn/shop/t/16/assets/baseadbb.css]
[dadus.co.in/cdn/shop/t/16/assets/component-cart-items8010.css]
[dadus.co.in/cdn/shop/t/16/assets/component-cart-drawer97c9.css]
[dadus.co.in/cdn/shop/t/16/assets/component-cart5aac.css]
[dadus.co.in/cdn/shop/t/16/assets/component-totalsab32.css]
[dadus.co.in/cdn/shop/t/16/assets/component-price56e6.css]
[dadus.co.in/cdn/shop/t/16/assets/component-discounts85fe.css]
[dadus.co.in/cdn/shop/t/16/assets/component-predictive-search6642.css]
[cdn.shopify.com/extensions/019ebb66-1f7b-75b0-8767-602bbfa363a5/powerful-form-builder-318/assets/globo.formbuilder.index.js]
[adsagentclientafd-b7hqhjdrf3fpeqh2.b01.azurefd.net/frontendInjection.js]
[dadus.co.in/POST]
[dadus.co.in/cdn]
[dadus.co.in/cdn/s/trekkie.storefront.370ef8ffef154dc56bb5a814fea4666724353464.min.js]
[dadus.co.in/cdn/shopifycloud/storefront/assets/shop_events_listener-4e26a9ce.js]
[dadus.co.in/cdn/shopifycloud/perf-kit/shopify-perf-kit-3.5.0.min.js]
[dadus.co.in/cdn/shop/t/16/assets/quantity-popoverd4a5.css]
[dadus.co.in/cdn/shop/t/16/assets/component-cardb2af.css]
[dadus.co.in/cdn/shop/t/16/assets/carta675.js]
[dadus.co.in/cdn/shop/t/16/assets/quantity-popover31fe.js]
[dadus.co.in/collections/all.html]
[dadus.co.in/policies/shipping-policy.html]
[dadus.co.in/cdn/shop/t/16/assets/component-list-menu5f5c.css]
[dadus.co.in/cdn/shop/t/16/assets/component-search2746.css]
[dadus.co.in/cdn/shop/t/16/assets/component-cart-notification16b3.css]
[dadus.co.in/cdn/shop/files/perfectladoo_500x5003eba.png]
[dadus.co.in/products/motichur-laddu.html]
[dadus.co.in/collections/dadus-signature-mithai.html]
[dadus.co.in/collections/classic-north-indian-mithai.html]
[dadus.co.in/collections/traditional-south-indian-mithai.html]
[dadus.co.in/collections/dry-fruits-mithai.html]
[dadus.co.in/collections/baklava-1.html]
[dadus.co.in/collections/guilt-free.html]
[dadus.co.in/collections/assorted-sweets-boxes.html]
[dadus.co.in/collections/all-sweets.html]
[dadus.co.in/collections/classic-north-indian-namkeen.html]
[dadus.co.in/collections/authentic-south-indian-namkeen.html]
[dadus.co.in/collections/dry-fruit-namkeen.html]
[dadus.co.in/collections/snacks.html]
[dadus.co.in/collections/badamees-1.html]
[dadus.co.in/collections/bites.html]
[dadus.co.in/collections/chikki.html]
[dadus.co.in/collections/cookies-biscottis.html]
[dadus.co.in/collections/khari-toast.html]
[dadus.co.in/collections/gift-boxes.html]
[dadus.co.in/collections/assorted-sweets-1.html]
[dadus.co.in/cdn/shop/files/IG4_500x50059e6.jpg]
[dadus.co.in/collections/assorted-dryfruit-boxes.html]
[dadus.co.in/pages/corporate-gifting.html]
[dadus.co.in/pages/wedding-gifting.html]
[dadus.co.in/cdn/shop/files/Logof5fd.png]
[dadus.co.in/pages/our-brands.html]
[dadus.co.in/pages/about-us.html]
[dadus.co.in/pages/craftsmanship.html]
[dadus.co.in/search.html]
[dadus.co.in/cart.html]
[dadus.co.in/collections.html]
[dadus.co.in/collections/bakery-and-confections.html]
[dadus.co.in/cdn/shop/files/Bakery_2_1_800x6008d4b.jpg]
[dadus.co.in/cdn/shop/files/image_42_bc97d3c9-08a1-4439-b70e-8abb877d9ba57bbe.jpg]
[dadus.co.in/cdn/shop/files/image_46_cf6bca95-ddb9-4163-9581-f686efdcc121807a.jpg]
[dadus.co.in/cdn/shop/files/laddoo29c5.png]
[dadus.co.in/cdn/shop/files/Group_7454a55.png]
[dadus.co.in/cdn/shop/files/MotichoorLaddu_grande25a4.jpg]
[dadus.co.in/products/kaju-katli.html]
[dadus.co.in/cdn/shop/files/Kaju_Katli_grandea887.jpg]
[dadus.co.in/products/ajmeeri-kalakand.html]
[dadus.co.in/cdn/shop/files/Ajmeri_Kalakand_grande6278.jpg]
[dadus.co.in/products/ghee-mysorepak.html]
[dadus.co.in/cdn/shop/files/Ghee_Mysore_Pak_granded30e.jpg]
[dadus.co.in/products/badam-butterscotch-rocher.html]
[dadus.co.in/cdn/shop/files/Badam_Butterscotch_Rocher_grande7c46.jpg]
[dadus.co.in/cdn/shop/files/Group_752_60x37be.png]
[dadus.co.in/cdn/shop/files/signature_535xd9b4.png]
[dadus.co.in/collections/indian-mithai.html]
[dadus.co.in/cdn/shop/files/southindiami_535x9418.png]
[dadus.co.in/collections/sugarfree-mithai.html]
[dadus.co.in/cdn/shop/files/Sugar-free_535xda84.jpg]
[dadus.co.in/collections/namkeen-and-snacks.html]
[dadus.co.in/cdn/shop/files/Namkeen_535x87e6.jpg]
[dadus.co.in/collections/turkish-delights.html]
[dadus.co.in/cdn/shop/files/Turkish_treats_535x87e6.jpg]
[dadus.co.in/cdn/shop/files/Bakery_535x87e6.jpg]
[dadus.co.in/cdn/shop/files/Snacks_535x87e6.jpg]
[dadus.co.in/collections/dry-fruit-boxes.html]
[dadus.co.in/cdn/shop/files/Dryfruits_535x87e6.jpg]
[dadus.co.in/cdn/shop/files/image_41d2ae.png]
[dadus.co.in/cdn/shop/files/world_2000x14ac.png]
[dadus.co.in/cdn/shop/files/bird2dcf8.png]
[dadus.co.in/cdn/shop/files/bird13aaa.png]
[dadus.co.in/cdn/shop/files/who-we-are_564x_418823ed-7364-4bef-974b-88901ed3ca0048a2.png]
[dadus.co.in/cdn/shop/files/13_frame124a20.png]
[dadus.co.in/cdn/shop/files/frame_mobile_1__1538f.png]
[dadus.co.in/cdn/shop/files/corporate_collectionf265.jpg]
[dadus.co.in/cdn/shop/files/dot9668.png]
[dadus.co.in/cdn/shop/files/explore_1adfe.png]
[dadus.co.in/cdn/shop/files/wedding_collectionf265.jpg]
[dadus.co.in/pages/bespoke-weddings.html]
[dadus.co.in/cdn/shop/files/mithai_storiese971.png]
[dadus.co.in/cdn/shop/files/IG12734.jpg]
[dadus.co.in/cdn/shop/files/IG259e6.jpg]
[dadus.co.in/cdn/shop/files/IG5b00a.jpg]
[dadus.co.in/cdn/shop/files/IG3b00a.jpg]
[dadus.co.in/cdn/shop/files/IG459e6.jpg]
[dadus.co.in/cdn/shop/files/IG659e6.jpg]
[dadus.co.in/cdn/shop/files/video_imagef265.png]
[dadus.co.in/cdn/shop/files/sticker_e16637c5-e5e1-403c-83f1-523ae5eefa0dd530.png]
[dadus.co.in/cdn/shop/files/play_buttona5e0.png]
[dadus.co.in/cdn/shop/files/The_times_of_india.svg_1_300x120fa80.png]
[dadus.co.in/cdn/shop/files/png-transparent-india-the-hindu-hinduism-editorial-om-hindu-label-text-service-removebg-preview_f4d52b33-bbe2-460f-80a0-fc80e7b7ec1f_300x120dfb9.png]
[dadus.co.in/cdn/shop/files/919602267be9ecd6beac07fa8a6d9840-removebg-preview_300x12013e4.png]
[dadus.co.in/cdn/shop/files/cropped-hybiz-logo--removebg-preview_300x120c2ce.png]
[dadus.co.in/cdn/shop/files/spotlightsticker7348.png]
[dadus.co.in/cdn/shop/articles/Kashmiri_Dryfruit_Mixture_8655588f-7868-444d-a743-4486920f56b4819b.jpg]
[dadus.co.in/blogs/premium-sweets-and-online-mithai-store/types-of-namkeen-complete-guide-to-indian-savoury-snacks.html]
[dadus.co.in/cdn/shop/articles/Untitled_design-3d999.png]
[dadus.co.in/blogs/premium-sweets-and-online-mithai-store/how-dadus-sugar-free-sweets-redefine-tradition.html]
[dadus.co.in/cdn/shop/articles/Untitled_design-4_97a08fe3-3d67-470c-978d-4f8fb7e2a55904cb.png]
[dadus.co.in/blogs/premium-sweets-and-online-mithai-store/indulge-in-hyderabad-s-finest-sweets-must-try-delicacies.html]
[dadus.co.in/cdn/shop/articles/Screenshot_2024-06-17_at_12.41.48_PM27c8.png]
[dadus.co.in/blogs/premium-sweets-and-online-mithai-store/experience-the-best-of-dadus-sugar-free-and-guiltless-treats.html]
[dadus.co.in/cdn/shop/articles/Untitled_design-2b3fc.png]
[dadus.co.in/blogs/premium-sweets-and-online-mithai-store/dadus-white-kalakand-a-dessert-without-a-cause.html]
[dadus.co.in/cdn/shop/articles/Untitled_design_23abe.png]
[dadus.co.in/blogs/premium-sweets-and-online-mithai-store/rasmalai-dadus-delicate-marvel.html]
[dadus.co.in/cdn/shop/files/IMG_1551_195ca.jpg]
[dadus.co.in/cdn/shop/t/16/assets/section-footerc64d.css]
[dadus.co.in/cdn/shop/t/16/assets/component-newsletter01eb.css]
[dadus.co.in/cdn/shop/t/16/assets/component-list-payment017e.css]
[dadus.co.in/cdn/shop/t/16/assets/component-list-social6fd4.css]
[dadus.co.in/cdn/shop/files/Group_799_5c8eb5e5-80a5-4833-8728-ea450030bf205528.png]
[dadus.co.in/cdn/shop/files/image_97f17d.png]
[dadus.co.in/cdn/shop/files/image_98853f.png]
[dadus.co.in/pages/contact-us.html]
[dadus.co.in/pages/payment-policy.html]
[dadus.co.in/pages/refund-policy.html]
[dadus.co.in/policies/privacy-policy.html]
[dadus.co.in/pages/terms-and-conditions.html]
[dadus.co.in/cdn/shop/files/daduseabe.png]
[dadus.co.in/cdn/shop/t/16/assets/predictive-search349d.js]
[dadus.co.in/cdn/shop/t/16/assets/cart-drawer06ce.js]
[magic-plugins.razorpay.com/shopify/magic-shopify.js]
[dadus.co.in/index.html]
[cdn.shopify.com/storefront/standard-actions.js]
[dadus.co.in/cdn/shop/t/16/assets/sparkle.gif]
[dadus.co.in/cdn/shop/files/LibreBaskerville-Regular53b9.ttf]
[dadus.co.in/cdn/shop/t/16/assets/baseadbb.css]
[dadus.co.in/cdn/shop/t/16/assets/component-cart-items8010.css]
[dadus.co.in/cdn/shop/t/16/assets/component-cart-drawer97c9.css]
[dadus.co.in/cdn/shop/t/16/assets/component-cart5aac.css]
[dadus.co.in/cdn/shop/t/16/assets/component-totalsab32.css]
[dadus.co.in/cdn/shop/t/16/assets/component-price56e6.css]
[dadus.co.in/cdn/shop/t/16/assets/component-discounts85fe.css]
[dadus.co.in/cdn/shop/t/16/assets/component-predictive-search6642.css]
[dadus.co.in/POST.html]
[dadus.co.in/cdn.html]
[dadus.co.in/cdn/shop/t/16/assets/quantity-popoverd4a5.css]
[dadus.co.in/cdn/shop/t/16/assets/component-cardb2af.css]
[dadus.co.in/cdn/shop/collections/website_category_banners_cb5475cb-d522-4fcb-9dba-925d6e6142ca80d5.png]
[dadus.co.in/collections/all.atom]
[dadus.co.in/collections/all4658.html]
[dadus.co.in/collections/all.oembed]
[dadus.co.in/collections/POST]
[dadus.co.in/cdn/shop/collections/website_category_banners_cb5475cb-d522-4fcb-9dba-925d6e6142ca_1920x80d5.png]
[dadus.co.in/cdn/shop/t/16/assets/template-collection896e.css]
[dadus.co.in/cdn/shop/t/16/assets/quick-adda2b9.css]
[dadus.co.in/cdn/shop/t/16/assets/quick-add672c.js]
[dadus.co.in/cdn/shop/t/16/assets/product-form5494.js]
[dadus.co.in/cdn/shop/t/16/assets/component-facetsa414.css]
[dadus.co.in/cdn/shop/t/16/assets/facets5af1.js]
[dadus.co.in/cdn/shop/t/16/assets/component-show-more210f.css]
[dadus.co.in/cdn/shop/t/16/assets/component-swatch-inputbf37.css]
[dadus.co.in/cdn/shop/t/16/assets/component-swatch83b0.css]
[dadus.co.in/cdn/shop/files/MotichoorLaddu3b33.jpg]
[dadus.co.in/cart/add.js]
[dadus.co.in/cdn/shop/files/Kaju_Katli4045.jpg]
[dadus.co.in/products/assorted-sweets.html]
[dadus.co.in/cdn/shop/files/Assorted_sweet_Box5f99.jpg]
[dadus.co.in/cdn/shop/files/Ajmeri_Kalakand6a58.jpg]
[dadus.co.in/cdn/shop/files/Ghee_Mysore_Paka5ac.jpg]
[dadus.co.in/products/badamees.html]
[dadus.co.in/cdn/shop/files/Badamees974b.jpg]
[dadus.co.in/products/dryfruit-putharekulu.html]
[dadus.co.in/cdn/shop/files/Dryfruit_Putharekulu1ecc.jpg]
[dadus.co.in/products/pappu-chakkalu.html]
[dadus.co.in/cdn/shop/files/PappuChekkalu_6d3c8e43-da37-462b-9fb4-b07700007d2526db.jpg]
[dadus.co.in/products/khara-mixture.html]
[dadus.co.in/cdn/shop/files/122cf8d.png]
[dadus.co.in/products/yellow-chikodi.html]
[dadus.co.in/cdn/shop/files/Yellow_Chikodi534d.png]
[dadus.co.in/products/pheni.html]
[dadus.co.in/cdn/shop/files/Sweetpheni2ec9e.jpg]
[dadus.co.in/products/khova-gujia.html]
[dadus.co.in/cdn/shop/files/KhovaGujiya_698db37a-b9ff-46f6-911b-74cf8449f8ae84b0.jpg]
[dadus.co.in/products/gond-laddu.html]
[dadus.co.in/cdn/shop/files/Gondladdub255.png]
[dadus.co.in/products/red-sakinalu.html]
[dadus.co.in/cdn/shop/files/RedSakinaluf332.jpg]
[dadus.co.in/products/mix-baklava-box9pcs.html]
[dadus.co.in/cdn/shop/files/9Pcs55f9.png]
[dadus.co.in/products/ariselu.html]
[dadus.co.in/cdn/shop/files/BellamAriselu1936.jpg]
[dadus.co.in/products/assorted-bites-box-450g.html]
[dadus.co.in/cdn/shop/files/bites8_2cadb.png]
[dadus.co.in/products/kaju-pakodi.html]
[dadus.co.in/cdn/shop/files/Kaju_Pakodid436.png]
[dadus.co.in/cdn/shop/t/16/assets/component-pagination51db.css]
[dadus.co.in/collections/all9ba9.html]
[dadus.co.in/collections/all.html]
[dadus.co.in/collections/all5760.html]
[dadus.co.in/cdn/shopifycloud/storefront/assets/storefront/policy-0e156355.css]
[dadus.co.in/policies/POST]
[dadus.co.in/policies/shipping-policy.html]
[dadus.co.in/cdn/shop/t/16/assets/component-list-menu5f5c.css]
[dadus.co.in/cdn/shop/t/16/assets/component-search2746.css]
[dadus.co.in/cdn/shop/t/16/assets/component-cart-notification16b3.css]
[dadus.co.in/cdn/shop/files/MotichoorLaddu25a4.jpg]
[dadus.co.in/products/motichur-laddu.oembed]
[dadus.co.in/cdn/shopifycloud/portable-wallets/latest/accelerated-checkout-backwards-compat.css]
[dadus.co.in/products/POST]
[dadus.co.in/cdn/shop/t/16/assets/section-main-product0611.css]
[dadus.co.in/cdn/shop/t/16/assets/component-accordion9faf.css]
[dadus.co.in/cdn/shop/t/16/assets/component-slideraeaa.css]
[dadus.co.in/cdn/shop/t/16/assets/component-rating1124.css]
[dadus.co.in/cdn/shop/t/16/assets/component-deferred-mediaeeda.css]
[dadus.co.in/cdn/shop/t/16/assets/component-product-variant-pickerc6b7.css]
[dadus.co.in/cdn/shop/t/16/assets/product-info9e1e.js]
[dadus.co.in/cdn/shop/files/MotichoorLaddu426e.jpg]
[dadus.co.in/cdn/shop/files/MotichoorLaddu2_a886ebb5-2fa4-449f-8900-e26fd279529d426e.jpg]
[dadus.co.in/cdn/shop/files/MotichoorLaddu1426e.jpg]
[dadus.co.in/cdn/shop/files/MotichoorLadduce24.jpg]
[dadus.co.in/cdn/shop/files/MotichoorLaddu2_a886ebb5-2fa4-449f-8900-e26fd279529dce24.jpg]
[dadus.co.in/cdn/shop/files/MotichoorLaddu1ce24.jpg]
[dadus.co.in/cdn/shop/files/birdsticker_280xbbad.png]
[dadus.co.in/cdn/shop/t/16/assets/component-pickup-availabilityf7a3.css]
[dadus.co.in/cdn/shop/t/16/assets/pickup-availabilityf1fe.js]
[dadus.co.in/cdn/shop/files/veg_120x8eb3.png]
[dadus.co.in/cdn/shop/files/fresh_120x8eb3.png]
[dadus.co.in/cdn/shop/files/flavors_120x8eb3.png]
[dadus.co.in/cdn/shop/files/shipping_120x8eb3.png]
[dadus.co.in/cdn/shop/files/MotichoorLaddu1f73.jpg]
[dadus.co.in/cdn/shop/files/MotichoorLaddu2_a886ebb5-2fa4-449f-8900-e26fd279529d1f73.jpg]
[dadus.co.in/cdn/shop/files/MotichoorLaddu11f73.jpg]
[dadus.co.in/cdn/shop/t/16/assets/product-modal7aea.js]
[dadus.co.in/cdn/shop/t/16/assets/media-gallery9a6b.js]
[dadus.co.in/products/khara-boondi.html]
[dadus.co.in/cdn/shop/files/Khara_Boondi_grande709a.png]
[dadus.co.in/products/badam-pista-2-in-1.html]
[dadus.co.in/cdn/shop/files/Badamees_2_in_1_grande350d.jpg]
[dadus.co.in/products/milk-mysore-pak.html]
[dadus.co.in/cdn/shop/files/MilkMysorepak_2_grandeec45.jpg]
[dadus.co.in/cdn/shop/files/seperatorsticker_100x358f.png]
[dadus.co.in/policies/refund-policy.html]
[dadus.co.in/cdn/shop/files/sweetness17b95.png]
[dadus.co.in/products/motichur-laddu.html]
[dadus.co.in/cdn/shop/collections/Untitled_design_37b23d.png]
[dadus.co.in/collections/dadus-signature-mithai.atom]
[dadus.co.in/collections/dadus-signature-mithai.oembed]
[dadus.co.in/cdn/shop/collections/Untitled_design_37_1920xb23d.png]
[dadus.co.in/products/assorted-putharekulu.html]
[dadus.co.in/cdn/shop/files/Assorted_Putharekulu2bb5.jpg]
[dadus.co.in/products/mini-katli-mix.html]
[dadus.co.in/cdn/shop/files/Rectangle480_3103bea3-7711-46e0-9bbe-c06d957ca3a7951b.jpg]
[dadus.co.in/products/kaju-pista-roll.html]
[dadus.co.in/cdn/shop/files/Kaju_Pista_Roll53f1.jpg]
[dadus.co.in/cdn/shop/files/Badam_Butterscotch_Rochera487.jpg]
[dadus.co.in/products/anjeer-delight.html]
[dadus.co.in/cdn/shop/files/Anjeer_Delightd49d.jpg]
[dadus.co.in/products/badam-halwa.html]
[dadus.co.in/cdn/shop/files/Badam_Kesar_Halwa9953.jpg]
[dadus.co.in/products/kaju-baked-gujia.html]
[dadus.co.in/cdn/shop/files/Kaju_Baked_Gujiad375.jpg]
[dadus.co.in/products/badam-katli.html]
[dadus.co.in/cdn/shop/files/Badam_Katli235c.jpg]
[dadus.co.in/products/kaju-butterscotch-roll.html]
[dadus.co.in/cdn/shop/files/KajuButterscotchRoll115e5.jpg]
[dadus.co.in/products/anjeer-dryfruit-roll.html]
[dadus.co.in/cdn/shop/files/Anjeer_Rollc306.jpg]
[dadus.co.in/collections/dadus-signature-mithai.html]
[dadus.co.in/cdn/shop/collections/Untitled_design_37_f552e91d-6030-4025-81a8-fb947c8ab0d6c921.png]
[dadus.co.in/collections/classic-north-indian-mithai.atom]
[dadus.co.in/collections/classic-north-indian-mithai.oembed]
[dadus.co.in/cdn/shop/collections/Untitled_design_37_f552e91d-6030-4025-81a8-fb947c8ab0d6_1920xc921.png]
[dadus.co.in/products/soan-papdi.html]
[dadus.co.in/cdn/shop/files/Sohanpapdi_b58b2368-930e-46c2-8edf-43b17e0908d1a373.png]
[dadus.co.in/products/doda-burfi.html]
[dadus.co.in/cdn/shop/files/Doda_3_-_Copye052.jpg]
[dadus.co.in/products/dharwad-peda.html]
[dadus.co.in/cdn/shop/files/Dharwadpeda1abe.png]
[dadus.co.in/products/moongdal-burfi.html]
[dadus.co.in/cdn/shop/files/MoongdalBurfi36584.jpg]
[dadus.co.in/products/besan-laddu.html]
[dadus.co.in/cdn/shop/files/Besanladdu_579563a2-90e2-427b-9174-0a0c29334035ce78.png]
[dadus.co.in/products/bombay-halwa.html]
[dadus.co.in/cdn/shop/files/Bomabay_Halwa_27898.jpg]
[dadus.co.in/products/chana-burfi.html]
[dadus.co.in/cdn/shop/files/chanaBurfi5a4d.png]
[dadus.co.in/products/sohan-patti.html]
[dadus.co.in/cdn/shop/files/9_6322a78b-e4d7-46ee-9485-5de4230875eed68f.png]
[dadus.co.in/products/shahi-laddu.html]
[dadus.co.in/cdn/shop/files/ShahiLaddu1964a.jpg]
[dadus.co.in/products/besan-burfi.html]
[dadus.co.in/cdn/shop/files/Besanburfi_13546.png]
[dadus.co.in/products/agra-peta.html]
[dadus.co.in/cdn/shop/files/6_ac3ce7f5-9c00-47ba-ae1d-ad50407d55524461.png]
[dadus.co.in/products/strawberry-kaju-katli.html]
[dadus.co.in/cdn/shop/products/12_3_1eb0a.png]
[dadus.co.in/products/pathisa.html]
[dadus.co.in/cdn/shop/files/Dryfruit_Patisa03f3.jpg]
[dadus.co.in/collections/classic-north-indian-mithai.html]
[dadus.co.in/cdn/shop/collections/website_category_bannersdee5.png]
[dadus.co.in/collections/traditional-south-indian-mithai.atom]
[dadus.co.in/collections/traditional-south-indian-mithai.oembed]
[dadus.co.in/cdn/shop/collections/website_category_banners_1920xdee5.png]
[dadus.co.in/products/kaju-pakam.html]
[dadus.co.in/cdn/shop/files/BellamKajuPakam_5e84f.jpg]
[dadus.co.in/products/tapeshwaram-kaja.html]
[dadus.co.in/cdn/shop/files/Tapeswaram_Kaja_2d0075b4-a256-4a0c-8c40-b3ea7729db9c5228.jpg]
[dadus.co.in/products/badusha.html]
[dadus.co.in/cdn/shop/files/2_dbe9e01c-eb51-465e-b57d-a927173742308d44.png]
[dadus.co.in/products/gud-putharekulu.html]
[dadus.co.in/cdn/shop/files/Bellam_Putharekulu_0cfc8212-acb8-40e3-85ef-5656bae606ecaee0.jpg]
[dadus.co.in/products/ragi-laddu.html]
[dadus.co.in/cdn/shop/files/Ragi_Laddu63fd.jpg]
[dadus.co.in/products/sunnunda-laddu.html]
[dadus.co.in/cdn/shop/files/SunnundaluLaddu_fa03795c-f6e9-4591-b3ed-344ca88dda8a0bfd.jpg]
[dadus.co.in/cdn/shop/files/MilkMysorepak_2b918.jpg]
[dadus.co.in/products/balaji-laddu.html]
[dadus.co.in/cdn/shop/files/Besan_Laddu_2_808c9d23-3ffa-46d0-b823-b1cdd42a418dc3f3.jpg]
[dadus.co.in/products/annamayya-laddu.html]
[dadus.co.in/cdn/shop/files/AnnamyyaLaddu7aaf.jpg]
[dadus.co.in/products/crispy-mysore-pak.html]
[dadus.co.in/cdn/shop/files/Crispy_Mysore_pak_25ea0.jpg]
[dadus.co.in/products/sugar-putharekulu.html]
[dadus.co.in/cdn/shop/files/Sugar_Putharekulu5f7e.png]
[dadus.co.in/products/gavvalu.html]
[dadus.co.in/cdn/shop/products/GAVVALU250GMS7e09.png]
[dadus.co.in/products/suryakala.html]
[dadus.co.in/cdn/shop/files/Suryakala0b98.png]
[dadus.co.in/products/south-indian-sweet-box-580g.html]
[dadus.co.in/cdn/shop/files/Southindianbox5fa2.jpg]
[dadus.co.in/collections/traditional-south-indian-mithai.html]
[dadus.co.in/cdn/shop/collections/Desktop_-_Category_Banner_-_Indian_Mithai_4422943c-df74-4b59-97c5-55aa2f1cb7b46d55.jpg]
[dadus.co.in/collections/dry-fruits-mithai.atom]
[dadus.co.in/collections/dry-fruits-mithai4658.html]
[dadus.co.in/collections/dry-fruits-mithai.oembed]
[dadus.co.in/cdn/shop/collections/Desktop_-_Category_Banner_-_Indian_Mithai_4422943c-df74-4b59-97c5-55aa2f1cb7b4_1920x6d55.jpg]
[dadus.co.in/products/crunchy-honey-almond.html]
[dadus.co.in/cdn/shop/files/Crunchy_Honey_Almonddff0.jpg]
[dadus.co.in/products/badam-pista-roll.html]
[dadus.co.in/cdn/shop/files/BadamPistaRolld084.jpg]
[dadus.co.in/products/date-dryfruit-roll.html]
[dadus.co.in/cdn/shop/files/1_b52df283-edc0-40bd-a20e-8380cd9e2628b030.png]
[dadus.co.in/products/kaju-kusumkali.html]
[dadus.co.in/cdn/shop/files/KajuKusumkali835e.jpg]
[dadus.co.in/products/anjeer-king.html]
[dadus.co.in/cdn/shop/files/AnjeerKing5c68.jpg]
[dadus.co.in/products/kaju-dryfruit-casatta.html]
[dadus.co.in/cdn/shop/files/KajuDryfruitCasattacb2d.jpg]
[dadus.co.in/products/kaju-pista-surai.html]
[dadus.co.in/cdn/shop/files/KajuPistaSuraifc75.jpg]
[dadus.co.in/products/kaju-rose-roll.html]
[dadus.co.in/cdn/shop/files/KajuRoseRollc86f.jpg]
[dadus.co.in/products/kaju-anjeer-sandwich.html]
[dadus.co.in/cdn/shop/files/KajuAnjeerSandwich_2fd48.jpg]
[dadus.co.in/collections/dry-fruits-mithai.html]
[dadus.co.in/cdn/shop/collections/5_9e5336fe-cf18-4b8d-a29b-e087644c5676e496.png]
[dadus.co.in/collections/baklava-1.atom]
[dadus.co.in/collections/baklava-1.oembed]
[dadus.co.in/cdn/shop/collections/5_9e5336fe-cf18-4b8d-a29b-e087644c5676_1920xe496.png]
[dadus.co.in/products/mix-baklava-box12pcs.html]
[dadus.co.in/cdn/shop/files/12Pcs_f5efef4b-a8de-4a3b-86d0-20058a46e8d55698.png]
[dadus.co.in/products/mix-baklava-box25pcs.html]
[dadus.co.in/cdn/shop/files/25Pcs_d338ac0e-9e74-4e62-9748-cf20272496b919b4.png]
[dadus.co.in/products/baklava-tin-gift-pack-450g.html]
[dadus.co.in/cdn/shop/files/Untitleddesign_1_269f76eb-e97d-490e-a76a-21a15002dc1f6b8a.png]
[dadus.co.in/products/mix-baklava-box16-pcs.html]
[dadus.co.in/cdn/shop/files/16Pcs_f9a4d984-9483-4c5f-b228-e1a18985f0b424f1.png]
[dadus.co.in/products/mix-tart-baklava.html]
[dadus.co.in/cdn/shop/products/mix_tart_baklava255f.png]
[dadus.co.in/products/cashew-square-baklava.html]
[dadus.co.in/cdn/shop/products/cashew_square_baklava12ec.png]
[dadus.co.in/products/pistachio-boukaz.html]
[dadus.co.in/cdn/shop/files/21_0a065984-f69d-479e-966a-056a88f41f108d52.png]
[dadus.co.in/products/almond-tart-baklava.html]
[dadus.co.in/cdn/shop/files/14_33a110f6-743f-4eae-9b86-03956027e87cf7fb.png]
[dadus.co.in/collections/baklava-1.html]
[dadus.co.in/cdn/shop/collections/6_7db13186-5bd2-4c10-8e38-d1b6d6e087721222.png]
[dadus.co.in/collections/guilt-free.atom]
[dadus.co.in/collections/guilt-free.oembed]
[dadus.co.in/cdn/shop/collections/6_7db13186-5bd2-4c10-8e38-d1b6d6e08772_1920x1222.png]
[dadus.co.in/products/sugarfree-mysore-pak.html]
[dadus.co.in/cdn/shop/files/Untitled_design_1_96c393d2-350a-485e-9837-79633ca1fc7baebd.png]
[dadus.co.in/products/sugarfree-kajukatli.html]
[dadus.co.in/cdn/shop/files/Untitled_design_2c221.png]
[dadus.co.in/products/sugarfree-anjeer-delight.html]
[dadus.co.in/cdn/shop/files/Untitleddesign_323a1.png]
[dadus.co.in/products/sugarfree-chana-burfi.html]
[dadus.co.in/cdn/shop/files/Sugarfree_Chana_Burfi011f.jpg]
[dadus.co.in/collections/guilt-free.html]
[dadus.co.in/cdn/shop/collections/7_a83c217e-74f7-40c1-9f51-e5fa644186ee3d22.png]
[dadus.co.in/collections/assorted-sweets-boxes.atom]
[dadus.co.in/collections/assorted-sweets-boxes.oembed]
[dadus.co.in/cdn/shop/collections/7_a83c217e-74f7-40c1-9f51-e5fa644186ee_1920x3d22.png]
[dadus.co.in/products/option-8-2023.html]
[dadus.co.in/cdn/shop/files/Untitleddesign_7307d3.png]
[dadus.co.in/products/south-indian-assorted-sweet-box-1-1000-gms-2025.html]
[dadus.co.in/cdn/shop/files/SouthindianAssortedSweet1_33ece88e-5f25-4b1d-973d-43f1d84b9e1d3b0a.jpg]
[dadus.co.in/products/south-indian-assorted-sweet-вох-2-640-gms-2025.html]
[dadus.co.in/cdn/shop/files/SouthindianAssortedSweet2605b.jpg]
[dadus.co.in/products/south-indian-assorted-sweet-box-3-500-gms-2025.html]
[dadus.co.in/cdn/shop/files/SouthindianAssortedSweet3fd39.jpg]
[dadus.co.in/collections/assorted-sweets-boxes.html]
[dadus.co.in/cdn/shop/collections/3_c8353976-ac6d-4150-85fd-a7f94a3da20b1425.png]
[dadus.co.in/collections/all-sweets.atom]
[dadus.co.in/collections/all-sweets.oembed]
[dadus.co.in/cdn/shop/collections/3_c8353976-ac6d-4150-85fd-a7f94a3da20b_1920x1425.png]
[dadus.co.in/cdn/shop/t/16/assets/section-collection-listd85e.css]
[dadus.co.in/cdn/shop/files/Group_752_60x_a24aacc5-e1b4-42f0-a536-524fce260917bbae.png]
[dadus.co.in/cdn/shop/collections/Untitled_design_3739e1.png]
[dadus.co.in/cdn/shop/collections/Untitled_design_37_f552e91d-6030-4025-81a8-fb947c8ab0d6c5c6.png]
[dadus.co.in/cdn/shop/collections/website_category_bannersa745.png]
[dadus.co.in/cdn/shop/collections/website_category_banners_1a575.png]
[dadus.co.in/collections/dry-fruits-mithai-1.html]
[dadus.co.in/cdn/shop/collections/5_9e5336fe-cf18-4b8d-a29b-e087644c5676fcee.png]
[dadus.co.in/cdn/shop/collections/6_7db13186-5bd2-4c10-8e38-d1b6d6e08772efde.png]
[dadus.co.in/collections/all-sweets.html]
[dadus.co.in/cdn/shop/collections/website_category_banners_3770a.png]
[dadus.co.in/collections/classic-north-indian-namkeen.atom]
[dadus.co.in/collections/classic-north-indian-namkeen.oembed]
[dadus.co.in/cdn/shop/collections/website_category_banners_3_1920x770a.png]
[dadus.co.in/products/navratan-mixture.html]
[dadus.co.in/cdn/shop/files/Navratan_Mixturef1c8.png]
[dadus.co.in/products/dal-mot.html]
[dadus.co.in/cdn/shop/files/Dal_Mot0fb3.png]
[dadus.co.in/products/bhakarwadi.html]
[dadus.co.in/cdn/shop/files/Bhakarwadi_f5e74dc3-14d6-4ce9-9c4e-2bee7eb0302511d0.jpg]
[dadus.co.in/products/kashmiri-dryfruit-mixture.html]
[dadus.co.in/cdn/shop/files/Kashmiri_Dryfruit_Mixture56eb.png]
[dadus.co.in/products/aloo-chudwa.html]
[dadus.co.in/cdn/shop/files/Aloo_Chudwaf541.png]
[dadus.co.in/products/ghatiya.html]
[dadus.co.in/cdn/shop/files/Ghatiyaeb60.png]
[dadus.co.in/products/dry-samosa.html]
[dadus.co.in/cdn/shop/files/DrySamosac537.jpg]
[dadus.co.in/products/dry-kachori.html]
[dadus.co.in/cdn/shop/files/DryKachori495a.jpg]
[dadus.co.in/products/papdi-mixture.html]
[dadus.co.in/cdn/shop/files/Papdi_Mixture0b0a.png]
[dadus.co.in/products/achari-matri.html]
[dadus.co.in/cdn/shop/files/Achari_Matri2e0c.jpg]
[dadus.co.in/products/methi-matri.html]
[dadus.co.in/cdn/shop/files/MethiMatri3bf0.jpg]
[dadus.co.in/products/spicy-chana.html]
[dadus.co.in/cdn/shop/files/Spicy_Chanac784.png]
[dadus.co.in/products/chana-jore.html]
[dadus.co.in/cdn/shop/files/Chana_Jorea290.png]
[dadus.co.in/products/delhi-chudwa.html]
[dadus.co.in/cdn/shop/files/Delhi_Chudwa856a.png]
[dadus.co.in/products/bombay-mixture.html]
[dadus.co.in/cdn/shop/files/Bombay_Mixture669a.png]
[dadus.co.in/products/dal-bizzi.html]
[dadus.co.in/cdn/shop/files/962143.png]
[dadus.co.in/products/ghatiya-papdi.html]
[dadus.co.in/cdn/shop/files/Ghatiya_Papdi511e.png]
[dadus.co.in/products/trikone-matri.html]
[dadus.co.in/cdn/shop/files/TrikonMatric4e9.jpg]
[dadus.co.in/collections/classic-north-indian-namkeen.html]
[dadus.co.in/cdn/shop/collections/website_category_banners_4a4a4.png]
[dadus.co.in/collections/authentic-south-indian-namkeen.atom]
[dadus.co.in/collections/authentic-south-indian-namkeen4658.html]
[dadus.co.in/collections/authentic-south-indian-namkeen.oembed]
[dadus.co.in/cdn/shop/collections/website_category_banners_4_1920xa4a4.png]
[dadus.co.in/products/red-chikodi.html]
[dadus.co.in/cdn/shop/files/Red_Chikodib0b5.png]
[dadus.co.in/products/white-sakinalu.html]
[dadus.co.in/cdn/shop/files/WhiteSakinalu7f45.jpg]
[dadus.co.in/products/mullu-murukul.html]
[dadus.co.in/cdn/shop/files/Mullu_Murukul8879.png]
[dadus.co.in/products/namak-para.html]
[dadus.co.in/cdn/shop/files/NamakPara0ee9.jpg]
[dadus.co.in/cdn/shop/files/Khara_Boondi2782.png]
[dadus.co.in/products/ellu-murukul.html]
[dadus.co.in/cdn/shop/files/Ellu_Murukul8f63.png]
[dadus.co.in/products/sabudhana-chekkalu.html]
[dadus.co.in/cdn/shop/files/SabudanaChekkalue270.jpg]
[dadus.co.in/products/kaju-mixture.html]
[dadus.co.in/cdn/shop/files/Kaju_Mixture_14775.jpg]
[dadus.co.in/products/masala-para.html]
[dadus.co.in/cdn/shop/files/MasalaPara4448.jpg]
[dadus.co.in/products/ribbon-pakoda.html]
[dadus.co.in/cdn/shop/files/Ragi_Ribbon_Pakodid21f.png]
[dadus.co.in/products/atukul-mixture.html]
[dadus.co.in/cdn/shop/files/Atukulu_Mixture3aae.png]
[dadus.co.in/products/raw-banana-pepper-chips.html]
[dadus.co.in/cdn/shop/files/Banana_Pepper_Chips809a.png]
[dadus.co.in/products/janthikalu.html]
[dadus.co.in/cdn/shop/files/Janthikalud5ed.png]
[dadus.co.in/products/chabina-mixture.html]
[dadus.co.in/cdn/shop/files/Chabina_Mixturef48d.png]
[dadus.co.in/collections/authentic-south-indian-namkeen.html]
[dadus.co.in/cdn/shop/collections/website_category_banners_4_39cf0bb1-68b9-42a5-ab19-382f395aabeea40f.png]
[dadus.co.in/collections/dry-fruit-namkeen.atom]
[dadus.co.in/collections/dry-fruit-namkeen.oembed]
[dadus.co.in/cdn/shop/collections/website_category_banners_4_39cf0bb1-68b9-42a5-ab19-382f395aabee_1920xa40f.png]
[dadus.co.in/products/new-dryfruit-mixture.html]
[dadus.co.in/cdn/shop/files/DryfruitMixture37ac.jpg]
[dadus.co.in/products/masala-kaju.html]
[dadus.co.in/cdn/shop/files/MasalaKaju6c36.jpg]
[dadus.co.in/products/roasted-badam.html]
[dadus.co.in/cdn/shop/files/65c5ee.png]
[dadus.co.in/products/roasted-kaju.html]
[dadus.co.in/cdn/shop/files/62725b.png]
[dadus.co.in/products/besan-kaju.html]
[dadus.co.in/cdn/shop/files/894e74.png]
[dadus.co.in/collections/dry-fruit-namkeen.html]
[dadus.co.in/cdn/shop/collections/10_8912ece8-edb3-4774-ba82-e3b323fd9232ffa7.png]
[dadus.co.in/collections/snacks.atom]
[dadus.co.in/collections/snacks.oembed]
[dadus.co.in/cdn/shop/collections/10_8912ece8-edb3-4774-ba82-e3b323fd9232_1920xffa7.png]
[dadus.co.in/products/fox-nuts-peri-peri-90g.html]
[dadus.co.in/cdn/shop/files/FNPeriperi-1ca30.png]
[dadus.co.in/products/fox-nut-tangy-tomato-90g.html]
[dadus.co.in/cdn/shop/files/FoxNutTangyTomato90G-132e7.png]
[dadus.co.in/products/fox-nuts-pudina-90g.html]
[dadus.co.in/cdn/shop/files/15571d6.png]
[dadus.co.in/products/fox-nuts-cream-and-onion-90g.html]
[dadus.co.in/cdn/shop/files/1514396.png]
[dadus.co.in/products/fox-nuts-jalapeno-90g.html]
[dadus.co.in/cdn/shop/files/163a7f0.png]
[dadus.co.in/products/peanut-pudina-230-gms.html]
[dadus.co.in/cdn/shop/files/5_f5f4b286-867a-4c25-a666-39f22c97a1337e97.png]
[dadus.co.in/products/peanut-cheese-herb-230-gm.html]
[dadus.co.in/cdn/shop/files/14_5f14a1bd-8124-48b9-bd0b-373a8388bb64b6af.png]
[dadus.co.in/products/peanut-heeng-jeera-230-gms.html]
[dadus.co.in/cdn/shop/files/Untitleddesign_317e97.png]
[dadus.co.in/products/peanut-red-chilli-230-gms.html]
[dadus.co.in/cdn/shop/files/1_8b609baa-b78f-47c6-91c5-fab8e2ab9959ca30.png]
[dadus.co.in/products/peanuts-salted-230g.html]
[dadus.co.in/cdn/shop/files/2_b6b43349-f177-4885-b28d-328c2e755dde8de7.png]
[dadus.co.in/collections/snacks.html]
[dadus.co.in/cdn/shop/collections/11_a2ece9dc-66cc-469f-8b0b-2569383e4cb21121.png]
[dadus.co.in/collections/badamees-1.atom]
[dadus.co.in/collections/badamees-1.oembed]
[dadus.co.in/cdn/shop/collections/11_a2ece9dc-66cc-469f-8b0b-2569383e4cb2_1920x1121.png]
[dadus.co.in/products/pista-sticks.html]
[dadus.co.in/cdn/shop/files/Pista_Badamees92c8.jpg]
[dadus.co.in/cdn/shop/files/Badamees_2_in_1cdab.jpg]
[dadus.co.in/products/sugar-free-badamees.html]
[dadus.co.in/cdn/shop/files/2_efc634e0-81dc-471b-a47a-3f49aa8b85c3cfd5.png]
[dadus.co.in/products/chocolate-badamees.html]
[dadus.co.in/cdn/shop/files/Chocolatebadamees0e41.png]
[dadus.co.in/collections/badamees-1.html]
[dadus.co.in/cdn/shop/collections/12_eeda532d-e621-4329-bdee-f29bcecc3c0c469e.png]
[dadus.co.in/collections/bites.atom]
[dadus.co.in/collections/bites.oembed]
[dadus.co.in/cdn/shop/collections/12_eeda532d-e621-4329-bdee-f29bcecc3c0c_1920x469e.png]
[dadus.co.in/products/assorted-bites-box-200-gms.html]
[dadus.co.in/cdn/shop/files/Assortedbites8a333.png]
[dadus.co.in/products/assorted-bites-box-300g.html]
[dadus.co.in/cdn/shop/files/Untitleddesign_74_64bd32aa-16c9-415e-95df-19fbbbeca9bad81c.png]
[dadus.co.in/products/mewa-bites.html]
[dadus.co.in/cdn/shop/files/36_6bf848a4-a435-4f32-9c20-c6b9fea29ca7cc14.png]
[dadus.co.in/products/mango-bites.html]
[dadus.co.in/cdn/shop/files/bites8_784f2.png]
[dadus.co.in/products/premium-almond-bites.html]
[dadus.co.in/cdn/shop/files/PremiumBadambites58c6.png]
[dadus.co.in/products/rose-bites.html]
[dadus.co.in/cdn/shop/files/Rosebites94d5.jpg]
[dadus.co.in/products/chocolate-bites.html]
[dadus.co.in/cdn/shop/files/Chocolate_bites_10e2b.jpg]
[dadus.co.in/products/orange-bites.html]
[dadus.co.in/cdn/shop/files/OrangeBites25e6.jpg]
[dadus.co.in/collections/bites.html]
[dadus.co.in/cdn/shop/collections/13_e6c17e31-a0ba-4223-bd45-a059279a32af5dee.png]
[dadus.co.in/collections/chikki.atom]
[dadus.co.in/collections/chikki.oembed]
[dadus.co.in/cdn/shop/collections/13_e6c17e31-a0ba-4223-bd45-a059279a32af_1920x5dee.png]
[dadus.co.in/products/rose-chikki.html]
[dadus.co.in/cdn/shop/files/RoseChikkif477.png]
[dadus.co.in/products/assorted-chikki-box-360-gms.html]
[dadus.co.in/cdn/shop/files/Untitleddesign_76_c74fb58f-5cfc-4735-8301-972617385c06c9ba.png]
[dadus.co.in/products/assorted-chikki-box-180-gms.html]
[dadus.co.in/cdn/shop/files/Untitleddesign_77_616e21c3-20e0-4666-ae3b-6c1cbc58aab18ff7.png]
[dadus.co.in/products/pista-chikki.html]
[dadus.co.in/cdn/shop/files/PistaChikki-017d10.png]
[dadus.co.in/products/kaju-chikki.html]
[dadus.co.in/cdn/shop/files/KajuChikki-0421f.png]
[dadus.co.in/products/magaj-chikki.html]
[dadus.co.in/cdn/shop/files/MagajChikki-016b07.png]
[dadus.co.in/collections/chikki.html]
[dadus.co.in/cdn/shop/collections/website_category_banners_5_7ebc1c6d-2e1e-4884-8b20-f41c137242e7bcde.png]
[dadus.co.in/collections/cookies-biscottis.atom]
[dadus.co.in/collections/cookies-biscottis.oembed]
[dadus.co.in/cdn/shop/collections/website_category_banners_5_7ebc1c6d-2e1e-4884-8b20-f41c137242e7_1920xbcde.png]
[dadus.co.in/products/classic-nankhatai.html]
[dadus.co.in/cdn/shop/files/Classic_Nankhatai_16554.jpg]
[dadus.co.in/products/almond-hazelnut-biscotti.html]
[dadus.co.in/cdn/shop/files/AlmondHazelnutBiscotti_sa730.jpg]
[dadus.co.in/products/coffee-biscotti.html]
[dadus.co.in/cdn/shop/files/CoffeeBiscotti1d5b.jpg]
[dadus.co.in/products/pistachio-cranberry-biscotti.html]
[dadus.co.in/cdn/shop/files/Pistachio_Cranberry_Biscotti_sf705.png]
[dadus.co.in/products/oats-cranberry-cookies.html]
[dadus.co.in/cdn/shop/files/Oats_Cranberry_Cookies_acd5bf89-cb88-4c3c-b092-c4a8b02bdf9fd44c.jpg]
[dadus.co.in/products/poppy-ajwain-cookies.html]
[dadus.co.in/cdn/shop/files/Poppy_Ajwain_Cookies_bf3b5f1a-2a4c-4ce7-bcd4-a485d86f0ad153a7.jpg]
[dadus.co.in/products/honey-oats-cookies.html]
[dadus.co.in/cdn/shop/files/Honey_Oats_Cookies8210.png]
[dadus.co.in/products/french-heart.html]
[dadus.co.in/cdn/shop/files/FrenchHearts535a.jpg]
[dadus.co.in/products/fruit-jam-cookies.html]
[dadus.co.in/cdn/shop/files/FruitJamCookies698b.jpg]
[dadus.co.in/products/coconut-cookies.html]
[dadus.co.in/cdn/shop/files/CC_16716383265b5e.png]
[dadus.co.in/products/ajwain-cookies.html]
[dadus.co.in/cdn/shop/files/AjwainCookies89d0.jpg]
[dadus.co.in/products/salted-jeera-cookies.html]
[dadus.co.in/cdn/shop/files/SaltedJeeraCookiesb7da.jpg]
[dadus.co.in/products/salted-kaju-cookies.html]
[dadus.co.in/cdn/shop/files/SaltedKajuCookies1c40.jpg]
[dadus.co.in/products/bon-bon-cookies.html]
[dadus.co.in/cdn/shop/files/BonBonCookiesf4f8.jpg]
[dadus.co.in/products/fruit-cake-rusk.html]
[dadus.co.in/cdn/shop/files/FruitCakeRusk3177.jpg]
[dadus.co.in/collections/cookies-biscottis.html]
[dadus.co.in/cdn/shop/collections/website_category_banners_5_3a827eba-c17b-4347-9ad1-024797338ebae9c0.png]
[dadus.co.in/collections/khari-toast.atom]
[dadus.co.in/collections/khari-toast.oembed]
[dadus.co.in/cdn/shop/collections/website_category_banners_5_3a827eba-c17b-4347-9ad1-024797338eba_1920xe9c0.png]
[dadus.co.in/products/plain-khari.html]
[dadus.co.in/cdn/shop/files/PlainKhari78cb.jpg]
[dadus.co.in/products/tie-khari.html]
[dadus.co.in/cdn/shop/files/TieKharic735.jpg]
[dadus.co.in/products/whole-wheat-rusk.html]
[dadus.co.in/cdn/shop/files/WholeWheatRuskaea8.jpg]
[dadus.co.in/products/jeera-khari.html]
[dadus.co.in/cdn/shop/files/JeeraKharife83.jpg]
[dadus.co.in/products/pudina-khari.html]
[dadus.co.in/cdn/shop/files/PudinaKhari88d3.jpg]
[dadus.co.in/products/sooji-rusk.html]
[dadus.co.in/cdn/shop/files/SojiRusk_1b849212-f57d-4f13-a003-a2e6d4c8e856c0bb.jpg]
[dadus.co.in/products/ajwain-khari.html]
[dadus.co.in/cdn/shop/files/AjwainKhari4f34.jpg]
[dadus.co.in/collections/khari-toast.html]
[dadus.co.in/cdn/shop/collections/website_category_banners_624b3.png]
[dadus.co.in/collections/gift-boxes.atom]
[dadus.co.in/collections/gift-boxes.oembed]
[dadus.co.in/cdn/shop/collections/website_category_banners_6_1920x24b3.png]
[dadus.co.in/products/dryfruit-box-option-38.html]
[dadus.co.in/cdn/shop/files/Option381519.jpg]
[dadus.co.in/products/dryfruit-box-option-15.html]
[dadus.co.in/cdn/shop/files/Option15cb7d.jpg]
[dadus.co.in/products/dryfruit-box-option-16.html]
[dadus.co.in/cdn/shop/files/Option16cb7d.jpg]
[dadus.co.in/products/dryfruit-box-option-19.html]
[dadus.co.in/cdn/shop/files/Option19274e.jpg]
[dadus.co.in/collections/gift-boxes.html]
[dadus.co.in/cdn/shop/collections/website_category_banners_1_e04f0366-9fae-414a-8f9a-95ff8df2ec878198.png]
[dadus.co.in/collections/assorted-sweets-1.html]
[dadus.co.in/collections/assorted-dryfruit-boxes.html]
[dadus.co.in/pages/corporate-gifting.html]
[dadus.co.in/pages/wedding-gifting.html]
[dadus.co.in/pages/our-brands.html]
[dadus.co.in/pages/about-us.html]
[dadus.co.in/pages/craftsmanship.html]
[dadus.co.in/search.html]
[dadus.co.in/cart.html]
[dadus.co.in/collections.html]
[dadus.co.in/collections/bakery-and-confections.html]
[dadus.co.in/products/kaju-katli.html]
[dadus.co.in/products/ajmeeri-kalakand.html]
[dadus.co.in/products/ghee-mysorepak.html]
[dadus.co.in/products/badam-butterscotch-rocher.html]
[dadus.co.in/collections/indian-mithai.html]
[dadus.co.in/collections/sugarfree-mithai.html]
[dadus.co.in/collections/namkeen-and-snacks.html]
[dadus.co.in/collections/turkish-delights.html]
[dadus.co.in/collections/dry-fruit-boxes.html]
[dadus.co.in/pages/bespoke-weddings.html]
[dadus.co.in/blogs/premium-sweets-and-online-mithai-store/types-of-namkeen-complete-guide-to-indian-savoury-snacks.html]
[dadus.co.in/blogs/premium-sweets-and-online-mithai-store/how-dadus-sugar-free-sweets-redefine-tradition.html]
[dadus.co.in/blogs/premium-sweets-and-online-mithai-store/indulge-in-hyderabad-s-finest-sweets-must-try-delicacies.html]
[dadus.co.in/blogs/premium-sweets-and-online-mithai-store/experience-the-best-of-dadus-sugar-free-and-guiltless-treats.html]
[dadus.co.in/blogs/premium-sweets-and-online-mithai-store/dadus-white-kalakand-a-dessert-without-a-cause.html]
[dadus.co.in/blogs/premium-sweets-and-online-mithai-store/rasmalai-dadus-delicate-marvel.html]
[dadus.co.in/cdn/shop/t/16/assets/section-footerc64d.css]
[dadus.co.in/cdn/shop/t/16/assets/component-newsletter01eb.css]
[dadus.co.in/cdn/shop/t/16/assets/component-list-payment017e.css]
[dadus.co.in/cdn/shop/t/16/assets/component-list-social6fd4.css]
[dadus.co.in/pages/contact-us.html]
[dadus.co.in/pages/payment-policy.html]
[dadus.co.in/pages/refund-policy.html]
[dadus.co.in/policies/privacy-policy.html]
[dadus.co.in/pages/terms-and-conditions.html]
[dadus.co.in/collections/all4658.html]
[dadus.co.in/collections/POST.html]
[dadus.co.in/cdn/shop/t/16/assets/template-collection896e.css]
[dadus.co.in/cdn/shop/t/16/assets/quick-adda2b9.css]
[dadus.co.in/cdn/shop/t/16/assets/component-facetsa414.css]
[dadus.co.in/cdn/shop/t/16/assets/component-show-more210f.css]
[dadus.co.in/cdn/shop/t/16/assets/component-swatch-inputbf37.css]
[dadus.co.in/cdn/shop/t/16/assets/component-swatch83b0.css]
[dadus.co.in/cart/add.js]
[dadus.co.in/products/assorted-sweets.html]
[dadus.co.in/products/badamees.html]
[dadus.co.in/products/dryfruit-putharekulu.html]
[dadus.co.in/products/pappu-chakkalu.html]
[dadus.co.in/products/khara-mixture.html]
[dadus.co.in/products/yellow-chikodi.html]
[dadus.co.in/products/pheni.html]
[dadus.co.in/products/khova-gujia.html]
[dadus.co.in/products/gond-laddu.html]
[dadus.co.in/products/red-sakinalu.html]
[dadus.co.in/products/mix-baklava-box9pcs.html]
[dadus.co.in/products/ariselu.html]
[dadus.co.in/products/assorted-bites-box-450g.html]
[dadus.co.in/products/kaju-pakodi.html]
[dadus.co.in/cdn/shop/t/16/assets/component-pagination51db.css]
[dadus.co.in/collections/all9ba9.html]
[dadus.co.in/collections/all5760.html]
[dadus.co.in/cdn/shopifycloud/storefront/assets/storefront/policy-0e156355.css]
[dadus.co.in/policies/POST.html]
[dadus.co.in/cdn/shopifycloud/portable-wallets/latest/accelerated-checkout-backwards-compat.css]
[dadus.co.in/products/POST.html]
[dadus.co.in/cdn/shop/t/16/assets/section-main-product0611.css]
[dadus.co.in/cdn/shop/t/16/assets/component-accordion9faf.css]
[dadus.co.in/cdn/shop/t/16/assets/component-slideraeaa.css]
[dadus.co.in/cdn/shop/t/16/assets/component-rating1124.css]
[dadus.co.in/cdn/shop/t/16/assets/component-deferred-mediaeeda.css]
[dadus.co.in/cdn/shop/t/16/assets/component-product-variant-pickerc6b7.css]
[dadus.co.in/cdn/shop/t/16/assets/component-pickup-availabilityf7a3.css]
[dadus.co.in/products/khara-boondi.html]
[dadus.co.in/products/badam-pista-2-in-1.html]
[dadus.co.in/products/milk-mysore-pak.html]
[dadus.co.in/policies/refund-policy.html]
[dadus.co.in/products/assorted-putharekulu.html]
[dadus.co.in/products/mini-katli-mix.html]
[dadus.co.in/products/kaju-pista-roll.html]
[dadus.co.in/products/anjeer-delight.html]
[dadus.co.in/products/badam-halwa.html]
[dadus.co.in/products/kaju-baked-gujia.html]
[dadus.co.in/products/badam-katli.html]
[dadus.co.in/products/kaju-butterscotch-roll.html]
[dadus.co.in/products/anjeer-dryfruit-roll.html]
[dadus.co.in/products/soan-papdi.html]
[dadus.co.in/products/doda-burfi.html]
[dadus.co.in/products/dharwad-peda.html]
[dadus.co.in/products/moongdal-burfi.html]
[dadus.co.in/products/besan-laddu.html]
[dadus.co.in/products/bombay-halwa.html]
[dadus.co.in/products/chana-burfi.html]
[dadus.co.in/products/sohan-patti.html]
[dadus.co.in/products/shahi-laddu.html]
[dadus.co.in/products/besan-burfi.html]
[dadus.co.in/products/agra-peta.html]
[dadus.co.in/products/strawberry-kaju-katli.html]
[dadus.co.in/products/pathisa.html]
[dadus.co.in/products/kaju-pakam.html]
[dadus.co.in/products/tapeshwaram-kaja.html]
[dadus.co.in/products/badusha.html]
[dadus.co.in/products/gud-putharekulu.html]
[dadus.co.in/products/ragi-laddu.html]
[dadus.co.in/products/sunnunda-laddu.html]
[dadus.co.in/products/balaji-laddu.html]
[dadus.co.in/products/annamayya-laddu.html]
[dadus.co.in/products/crispy-mysore-pak.html]
[dadus.co.in/products/sugar-putharekulu.html]
[dadus.co.in/products/gavvalu.html]
[dadus.co.in/products/suryakala.html]
[dadus.co.in/products/south-indian-sweet-box-580g.html]
[dadus.co.in/collections/dry-fruits-mithai4658.html]
[dadus.co.in/products/crunchy-honey-almond.html]
[dadus.co.in/products/badam-pista-roll.html]
[dadus.co.in/products/date-dryfruit-roll.html]
[dadus.co.in/products/kaju-kusumkali.html]
[dadus.co.in/products/anjeer-king.html]
[dadus.co.in/products/kaju-dryfruit-casatta.html]
[dadus.co.in/products/kaju-pista-surai.html]
[dadus.co.in/products/kaju-rose-roll.html]
[dadus.co.in/products/kaju-anjeer-sandwich.html]
[dadus.co.in/products/mix-baklava-box12pcs.html]
[dadus.co.in/products/mix-baklava-box25pcs.html]
[dadus.co.in/products/baklava-tin-gift-pack-450g.html]
[dadus.co.in/products/mix-baklava-box16-pcs.html]
[dadus.co.in/products/mix-tart-baklava.html]
[dadus.co.in/products/cashew-square-baklava.html]
[dadus.co.in/products/pistachio-boukaz.html]
[dadus.co.in/products/almond-tart-baklava.html]
[dadus.co.in/products/sugarfree-mysore-pak.html]
[dadus.co.in/products/sugarfree-kajukatli.html]
[dadus.co.in/products/sugarfree-anjeer-delight.html]
[dadus.co.in/products/sugarfree-chana-burfi.html]
[dadus.co.in/products/option-8-2023.html]
[dadus.co.in/products/south-indian-assorted-sweet-box-1-1000-gms-2025.html]
[dadus.co.in/products/south-indian-assorted-sweet-вох-2-640-gms-2025.html]
[dadus.co.in/products/south-indian-assorted-sweet-box-3-500-gms-2025.html]
[dadus.co.in/cdn/shop/t/16/assets/section-collection-listd85e.css]
[dadus.co.in/collections/dry-fruits-mithai-1.html]
[dadus.co.in/products/navratan-mixture.html]
[dadus.co.in/products/dal-mot.html]
[dadus.co.in/products/bhakarwadi.html]
[dadus.co.in/products/kashmiri-dryfruit-mixture.html]
[dadus.co.in/products/aloo-chudwa.html]
[dadus.co.in/products/ghatiya.html]
[dadus.co.in/products/dry-samosa.html]
[dadus.co.in/products/dry-kachori.html]
[dadus.co.in/products/papdi-mixture.html]
[dadus.co.in/products/achari-matri.html]
[dadus.co.in/products/methi-matri.html]
[dadus.co.in/products/spicy-chana.html]
[dadus.co.in/products/chana-jore.html]
[dadus.co.in/products/delhi-chudwa.html]
[dadus.co.in/products/bombay-mixture.html]
[dadus.co.in/products/dal-bizzi.html]
[dadus.co.in/products/ghatiya-papdi.html]
[dadus.co.in/products/trikone-matri.html]
[dadus.co.in/collections/authentic-south-indian-namkeen4658.html]
[dadus.co.in/products/red-chikodi.html]
[dadus.co.in/products/white-sakinalu.html]
[dadus.co.in/products/mullu-murukul.html]
[dadus.co.in/products/namak-para.html]
[dadus.co.in/products/ellu-murukul.html]
[dadus.co.in/products/sabudhana-chekkalu.html]
[dadus.co.in/products/kaju-mixture.html]
[dadus.co.in/products/masala-para.html]
[dadus.co.in/products/ribbon-pakoda.html]
[dadus.co.in/products/atukul-mixture.html]
[dadus.co.in/products/raw-banana-pepper-chips.html]
[dadus.co.in/products/janthikalu.html]
[dadus.co.in/products/chabina-mixture.html]
[dadus.co.in/products/new-dryfruit-mixture.html]
[dadus.co.in/products/masala-kaju.html]
[dadus.co.in/products/roasted-badam.html]
[dadus.co.in/products/roasted-kaju.html]
[dadus.co.in/products/besan-kaju.html]
[dadus.co.in/products/fox-nuts-peri-peri-90g.html]
[dadus.co.in/products/fox-nut-tangy-tomato-90g.html]
[dadus.co.in/products/fox-nuts-pudina-90g.html]
[dadus.co.in/products/fox-nuts-cream-and-onion-90g.html]
[dadus.co.in/products/fox-nuts-jalapeno-90g.html]
[dadus.co.in/products/peanut-pudina-230-gms.html]
[dadus.co.in/products/peanut-cheese-herb-230-gm.html]
[dadus.co.in/products/peanut-heeng-jeera-230-gms.html]
[dadus.co.in/products/peanut-red-chilli-230-gms.html]
[dadus.co.in/products/peanuts-salted-230g.html]
[dadus.co.in/products/pista-sticks.html]
[dadus.co.in/products/sugar-free-badamees.html]
[dadus.co.in/products/chocolate-badamees.html]
[dadus.co.in/products/assorted-bites-box-200-gms.html]
[dadus.co.in/products/assorted-bites-box-300g.html]
[dadus.co.in/products/mewa-bites.html]
[dadus.co.in/products/mango-bites.html]
[dadus.co.in/products/premium-almond-bites.html]
[dadus.co.in/products/rose-bites.html]
[dadus.co.in/products/chocolate-bites.html]
[dadus.co.in/products/orange-bites.html]
[dadus.co.in/products/rose-chikki.html]
[dadus.co.in/products/assorted-chikki-box-360-gms.html]
[dadus.co.in/products/assorted-chikki-box-180-gms.html]
[dadus.co.in/products/pista-chikki.html]
[dadus.co.in/products/kaju-chikki.html]
[dadus.co.in/products/magaj-chikki.html]
[dadus.co.in/products/classic-nankhatai.html]
[dadus.co.in/products/almond-hazelnut-biscotti.html]
[dadus.co.in/products/coffee-biscotti.html]
[dadus.co.in/products/pistachio-cranberry-biscotti.html]
[dadus.co.in/products/oats-cranberry-cookies.html]
[dadus.co.in/products/poppy-ajwain-cookies.html]
[dadus.co.in/products/honey-oats-cookies.html]
[dadus.co.in/products/french-heart.html]
[dadus.co.in/products/fruit-jam-cookies.html]
[dadus.co.in/products/coconut-cookies.html]
[dadus.co.in/products/ajwain-cookies.html]
[dadus.co.in/products/salted-jeera-cookies.html]
[dadus.co.in/products/salted-kaju-cookies.html]
[dadus.co.in/products/bon-bon-cookies.html]
[dadus.co.in/products/fruit-cake-rusk.html]
[dadus.co.in/products/plain-khari.html]
[dadus.co.in/products/tie-khari.html]
[dadus.co.in/products/whole-wheat-rusk.html]
[dadus.co.in/products/jeera-khari.html]
[dadus.co.in/products/pudina-khari.html]
[dadus.co.in/products/sooji-rusk.html]
[dadus.co.in/products/ajwain-khari.html]
[dadus.co.in/products/dryfruit-box-option-38.html]
[dadus.co.in/products/dryfruit-box-option-15.html]
[dadus.co.in/products/dryfruit-box-option-16.html]
[dadus.co.in/products/dryfruit-box-option-19.html]
[dadus.co.in/collections/assorted-sweets-2.html]
